[backblue.gif]
[fade.gif]
[index.html]
[c213.local/xmlrpc0db0.php]
[c213.local/wp-content/uploads/2026/09/cropped-CLUB21-final-logoZZ-md-32x32.png]
[c213.local/wp-content/uploads/2026/09/cropped-CLUB21-final-logoZZ-md-192x192.png]
[c213.local/wp-json/index.html]
[c213.local/wp-content/uploads/2026/09/cropped-CLUB21-final-logoZZ-md-180x180.png]
[c213.local/wp-content/uploads/2026/09/cropped-CLUB21-final-logoZZ-md-270x270.png]
[c213.local/wp-content/uploads/2026/09/CLUB21-final-logoZZ-md.png]
[c213.local/wp-content/themes/res/assets/img/c21-gold.png]
[c213.local/wp-content/uploads/2026/09/1000_F_129080065_4AaJzeNZVvf0xnAVQy7jf2OO3O1uNW9I.jpg]
[c213.local/wp-content/uploads/2026/09/240_F_198055018_ABPtghglqPWtFo51U4kpYAVIJ1hVGXKG.jpg]
[c213.local/wp-content/uploads/2026/09/captain.png]
[c213.local/wp-content/uploads/2026/09/super.png]
[c213.local/index.html]
[cdn.jsdelivr.net/npm/bootstrap@5.3.8/dist/css/bootstrap.minb1bb.css]
[cdnjs.cloudflare.com/ajax/libs/font-awesome/6.4.2/css/all.min1e39.css]
[c213.local/wp-content/themes/res/styleca02.css]
[c213.local/wp-content/themes/res/designs/elegant/style8a54.css]
[cdn.jsdelivr.net/npm/bootstrap@5.3.8/dist/js/bootstrap.bundle.minb1bb.js]
[c213.local/wp-content/themes/res/assets/js/menu8a54.js]
[c213.local/wp-content/themes/res/assets/css/menu8a54.css]
